// Jest Snapshot v1, https://goo.gl/fbAQLP

exports[`BannerParametersForm component BannerParametersForm component renders correctly 1`] = `
<form
  className="tools_elem"
  onSubmit={[Function]}
>
  <h3>
    Параметры баннера
  </h3>
  <label
    htmlFor="widthValue"
  >
    ширина
  </label>
  <input
    id="widthValue"
    onChange={[Function]}
    placeholder="введите ширину банера"
    type="number"
    value={600}
  />
  <label
    htmlFor="heightValue"
  >
    высота
  </label>
  <input
    id="heightValue"
    onChange={[Function]}
    placeholder="введите высоту банера"
    type="number"
    value={900}
  />
  <button
    type="submit"
  >
    применить
  </button>
</form>
`;
