// Jest Snapshot v1, https://goo.gl/fbAQLP

exports[`Destination component Destination component renders correctly 1`] = `
<div
  className="tools_elem"
>
  <label
    htmlFor="destLink"
  >
    ссылка, куда ведет баннер
  </label>
  <input
    id="destLink"
    onChange={[Function]}
    type="text"
  />
</div>
`;
