// Jest Snapshot v1, https://goo.gl/fbAQLP

exports[`PictureParam component PictureParam component renders correctly 1`] = `
<div
  className="tools_elem"
>
  <label
    htmlFor="picLink"
  >
    ссылка на картинку
  </label>
  <input
    id="picLink"
    onChange={[Function]}
    placeholder="ссылка на картинку"
    type="text"
  />
  <label
    htmlFor="picScale"
  >
    масштабировать картинку
  </label>
  <span>
    <input
      className="sm"
      id="picScale"
      onChange={[Function]}
      type="number"
    />
    <input
      className="sm"
      onChange={[Function]}
      type="number"
    />
  </span>
</div>
`;
